[
  [
    "-facebook-likeButton-",
    [
      55054
    ]
  ],
  [
    "-facebook-share.",
    [
      55055
    ]
  ],
  [
    "-facebook-widget.",
    [
      55056
    ]
  ],
  [
    "-follow-icon-",
    [
      55057
    ]
  ],
  [
    "-follow-icons.",
    [
      55058
    ]
  ],
  [
    "-follow-us-icons.",
    [
      55059
    ]
  ],
  [
    "-followicons.",
    [
      55060
    ]
  ],
  [
    "-share-bar/$~stylesheet",
    [
      55061
    ]
  ],
  [
    "-share-buttons2.",
    [
      55062
    ]
  ],
  [
    "-share-buttons3/$~stylesheet",
    [
      55063
    ]
  ],
  [
    "-share-sprite-",
    [
      55064
    ]
  ],
  [
    "-share-sprite.",
    [
      55065
    ]
  ],
  [
    "-share-tools-",
    [
      55066
    ]
  ],
  [
    "-sharebar-",
    [
      55067
    ]
  ],
  [
    "-sharebar.",
    [
      55068
    ]
  ],
  [
    "-ShareButton2.",
    [
      55069
    ]
  ],
  [
    "-sharebuttons_",
    [
      55070
    ]
  ],
  [
    "-sharetools-",
    [
      55071
    ]
  ],
  [
    "-shareWidget.",
    [
      55072
    ]
  ],
  [
    "-slide-social-",
    [
      55073
    ]
  ],
  [
    "-social-panel.",
    [
      55074
    ]
  ],
  [
    "-social-panel/",
    [
      55075
    ]
  ],
  [
    "-social-sidebar.",
    [
      55076
    ]
  ],
  [
    "-Social-Sidebar/",
    [
      55077
    ]
  ],
  [
    "-social-slider/",
    [
      55078
    ]
  ],
  [
    "-sprite-social-",
    [
      55079
    ]
  ],
  [
    ".fbshare.js",
    [
      55080
    ]
  ],
  [
    ".sharebar.js",
    [
      55081
    ]
  ],
  [
    ".sharing.js",
    [
      55082
    ]
  ],
  [
    "/a2a_share_",
    [
      55083
    ]
  ],
  [
    "/accesspress-social-counter/*",
    [
      55084
    ]
  ],
  [
    "/add-mymsn2.gif",
    [
      55085
    ]
  ],
  [
    "/addthis_widget.js",
    [
      55086
    ]
  ],
  [
    "/addtoany.min.js",
    [
      55087
    ]
  ],
  [
    "/advanced-social-widget.js",
    [
      55088
    ]
  ],
  [
    "/article-social/*",
    [
      55089
    ]
  ],
  [
    "/ashare.js",
    [
      55090
    ]
  ],
  [
    "/ayoshare.js",
    [
      55091
    ]
  ],
  [
    "/badge_twitter.jpg",
    [
      55092
    ]
  ],
  [
    "/badge_twitter.png",
    [
      55093
    ]
  ],
  [
    "/banner-social.jpg",
    [
      55094
    ]
  ],
  [
    "/banner-social.png",
    [
      55095
    ]
  ],
  [
    "/banner/social/*",
    [
      55096
    ]
  ],
  [
    "/bottom-facebook.jpg",
    [
      55097
    ]
  ],
  [
    "/bottom-facebook.png",
    [
      55098
    ]
  ],
  [
    "/bottom-twitter.jpg",
    [
      55099
    ]
  ],
  [
    "/bottom-twitter.png",
    [
      55100
    ]
  ],
  [
    "/button_share.png",
    [
      55101
    ]
  ],
  [
    "/cevhershare.js",
    [
      55102
    ]
  ],
  [
    "/common/sns/*",
    [
      55103
    ]
  ],
  [
    "/common/sns_",
    [
      55104
    ]
  ],
  [
    "/commons/social/*",
    [
      55105
    ]
  ],
  [
    "/commonSprites/social/*",
    [
      55106
    ]
  ],
  [
    "/cool-share/plugin.js",
    [
      55107
    ]
  ],
  [
    "/diggdigg-floating-bar.js",
    [
      55108
    ]
  ],
  [
    "/ej-socialslider/static/slideout.js",
    [
      55109
    ]
  ],
  [
    "/facebook-page-promoter-lightbox/includes/launch/launch.min.js",
    [
      55110
    ]
  ],
  [
    "/facebook-pagelike-widget/fb.js",
    [
      55111
    ]
  ],
  [
    "/facebook-popup-",
    [
      55112
    ]
  ],
  [
    "/facebook-side.jpg",
    [
      55113
    ]
  ],
  [
    "/facebook-side.png",
    [
      55114
    ]
  ],
  [
    "/facebook-vertical.png",
    [
      55115
    ]
  ],
  [
    "/facebook-vertical.svg",
    [
      55116
    ]
  ],
  [
    "/facebook_badge.gif",
    [
      55117
    ]
  ],
  [
    "/facebook_badge.jpg",
    [
      55118
    ]
  ],
  [
    "/facebook_badge.png",
    [
      55119
    ]
  ],
  [
    "/facebook_footer.png",
    [
      55120
    ]
  ],
  [
    "/facebook_footer.svg",
    [
      55121
    ]
  ],
  [
    "/facebook_like_button.png",
    [
      55122
    ]
  ],
  [
    "/facebook_sidebar.jpg",
    [
      55123
    ]
  ],
  [
    "/facebook_sidebar.png",
    [
      55124
    ]
  ],
  [
    "/facebook_sidebar.svg",
    [
      55125
    ]
  ],
  [
    "/facebook_social.png",
    [
      55126
    ]
  ],
  [
    "/facebook_top_icon.png",
    [
      55127
    ]
  ],
  [
    "/facebookbadge.gif",
    [
      55128
    ]
  ],
  [
    "/facebookbadge.jpg",
    [
      55129
    ]
  ],
  [
    "/facebookbadge.png",
    [
      55130
    ]
  ],
  [
    "/facebookBtmIcon.gif",
    [
      55131
    ]
  ],
  [
    "/facebookHeader.png",
    [
      55132
    ]
  ],
  [
    "/facebooksharebutton.png",
    [
      55133
    ]
  ],
  [
    "/facebooksocialplugins.js",
    [
      55134
    ]
  ],
  [
    "/facebooksquare.jpg",
    [
      55135
    ]
  ],
  [
    "/facebooksquare.png",
    [
      55136
    ]
  ],
  [
    "/facebooktrafficdriver.min.js",
    [
      55137
    ]
  ],
  [
    "/facebookwidget.js",
    [
      55138
    ]
  ],
  [
    "/fb-like-pop.js",
    [
      55139
    ]
  ],
  [
    "/fb-pixel.js",
    [
      55140
    ]
  ],
  [
    "/fb-traffic-pop.css",
    [
      55141
    ]
  ],
  [
    "/fb-traffic-pop.min.js",
    [
      55142
    ]
  ],
  [
    "/fb-widget.jpg",
    [
      55143
    ]
  ],
  [
    "/fb-widget.js",
    [
      55144
    ]
  ],
  [
    "/fb-widget.png",
    [
      55145
    ]
  ],
  [
    "/fb_modeles.css",
    [
      55146
    ]
  ],
  [
    "/fb_side.jpg",
    [
      55147
    ]
  ],
  [
    "/fb_side.png",
    [
      55148
    ]
  ],
  [
    "/fbfooter.png",
    [
      55149
    ]
  ],
  [
    "/fbfooter.svg",
    [
      55150
    ]
  ],
  [
    "/fbpop.js",
    [
      55151
    ]
  ],
  [
    "/fbshare.jpg",
    [
      55152
    ]
  ],
  [
    "/fbshare.js",
    [
      55153
    ]
  ],
  [
    "/fbshare.png",
    [
      55154
    ]
  ],
  [
    "/fbshare2.jpg",
    [
      55155
    ]
  ],
  [
    "/fbshare2.png",
    [
      55156
    ]
  ],
  [
    "/floating-social-bar/js/fsb.js",
    [
      55157
    ]
  ],
  [
    "/floating-wpp.min.js",
    [
      55158
    ]
  ],
  [
    "/flw-twitter.png",
    [
      55159
    ]
  ],
  [
    "/follow-linkedin.jpg",
    [
      55160
    ]
  ],
  [
    "/follow-twitter-",
    [
      55161
    ]
  ],
  [
    "/follow-twitter.",
    [
      55162
    ]
  ],
  [
    "/follow-us.$~stylesheet",
    [
      55163
    ]
  ],
  [
    "/follow-widget.js",
    [
      55164
    ]
  ],
  [
    "/follow_instagram.png",
    [
      55165
    ]
  ],
  [
    "/followusontwitter.jpg",
    [
      55166
    ]
  ],
  [
    "/followusontwitter.png",
    [
      55167
    ]
  ],
  [
    "/gadgets/Social/*",
    [
      55168
    ]
  ],
  [
    "/gallery/social/*$image",
    [
      55169
    ]
  ],
  [
    "/gen-share-master/assets/js/frontend/application.min.js",
    [
      55170
    ]
  ],
  [
    "/gfx/socials/*",
    [
      55171
    ]
  ],
  [
    "/gigya-socialize-for-wordpress/*$~script,~stylesheet",
    [
      55172
    ]
  ],
  [
    "/gm-button-social.min.js",
    [
      55173
    ]
  ],
  [
    "/graphics/share/*",
    [
      55174
    ]
  ],
  [
    "/Handlers/Sharrre.ashx?",
    [
      55175
    ]
  ],
  [
    "/header_socials.png",
    [
      55176
    ]
  ],
  [
    "/highlight-and-share.js",
    [
      55177
    ]
  ],
  [
    "/icon_share_",
    [
      55178
    ]
  ],
  [
    "/icon_sns_",
    [
      55179
    ]
  ],
  [
    "/itpsocialbuttons/images/*",
    [
      55180
    ]
  ],
  [
    "/itpsocialbuttons/style.css",
    [
      55181
    ]
  ],
  [
    "/Javascripts/Social.js",
    [
      55182
    ]
  ],
  [
    "/jiathis_share.css",
    [
      55183
    ]
  ],
  [
    "/jinda-facebook-lightbox/public/*",
    [
      55184
    ]
  ],
  [
    "/jquery-pin-it-button-for-images/js/jpibfi.client.js",
    [
      55185
    ]
  ],
  [
    "/jquery.shareaholic-publishers-sb.min.js",
    [
      55186
    ]
  ],
  [
    "/jquery.sharecount.min.js",
    [
      55187
    ]
  ],
  [
    "/jquery.stp.min.js",
    [
      55188
    ]
  ],
  [
    "/juiz-social-post-sharer-2.min.css",
    [
      55189
    ]
  ],
  [
    "/juiz-social-post-sharer-6.min.css",
    [
      55190
    ]
  ],
  [
    "/juiz-social-post-sharer.min.js",
    [
      55191
    ]
  ],
  [
    "/lg-share.js",
    [
      55192
    ]
  ],
  [
    "/like_button.js",
    [
      55193
    ]
  ],
  [
    "/like_button.png",
    [
      55194
    ]
  ],
  [
    "/likebox.php",
    [
      55195
    ]
  ],
  [
    "/likefacebook.jpg",
    [
      55196
    ]
  ],
  [
    "/likefacebook.png",
    [
      55197
    ]
  ],
  [
    "/likegate.js",
    [
      55198
    ]
  ],
  [
    "/likesScript.js",
    [
      55199
    ]
  ],
  [
    "/mod_socialmedialinks/icons/*",
    [
      55200
    ]
  ],
  [
    "/mod_socialmedialinks/style.css",
    [
      55201
    ]
  ],
  [
    "/mod_socialslider/tmpl/*",
    [
      55202
    ]
  ],
  [
    "/myshare/assets/js/*",
    [
      55203
    ]
  ],
  [
    "/needsharebutton.js",
    [
      55204
    ]
  ],
  [
    "/needsharebutton.min.css",
    [
      55205
    ]
  ],
  [
    "/o3-social-share-styles.css",
    [
      55206
    ]
  ],
  [
    "/oss_share.js",
    [
      55207
    ]
  ],
  [
    "/overlayShare.js",
    [
      55208
    ]
  ],
  [
    "/pandalocker.$script",
    [
      55209
    ]
  ],
  [
    "/pin_it_button.png",
    [
      55210
    ]
  ],
  [
    "/pinit-button.png",
    [
      55211
    ]
  ],
  [
    "/pinit.html?",
    [
      55212
    ]
  ],
  [
    "/pinterest-footer-icon.png",
    [
      55213
    ]
  ],
  [
    "/pinterest-footer-icon.svg",
    [
      55214
    ]
  ],
  [
    "/pinterest-footer-svg.ashx",
    [
      55215
    ]
  ],
  [
    "/pinterest-footer.ashx",
    [
      55216
    ]
  ],
  [
    "/pinterest-for-woocommerce-save-button.min.js",
    [
      55217
    ]
  ],
  [
    "/pinterest-for-woocommerce-tracking.min.js",
    [
      55218
    ]
  ],
  [
    "/pinterest-over.jpg",
    [
      55219
    ]
  ],
  [
    "/pinterest-over.png",
    [
      55220
    ]
  ],
  [
    "/pinterest_tag.js",
    [
      55221
    ]
  ],
  [
    "/pintrest-button.png",
    [
      55222
    ]
  ],
  [
    "/plugins/add-to-any-subscribe/subscribe_",
    [
      55223
    ]
  ],
  [
    "/plugins/add-to-any/addtoany.min.js",
    [
      55224
    ]
  ],
  [
    "/plugins/anmiated-twitter-bird/js/tripleflap.js",
    [
      55225
    ]
  ],
  [
    "/plugins/bookmarkify/*",
    [
      55226
    ]
  ],
  [
    "/plugins/delicious-bookmark-button/delit.js",
    [
      55227
    ]
  ],
  [
    "/plugins/dpSocialShare/js/jquery.dpSocialShare.js",
    [
      55228
    ]
  ],
  [
    "/plugins/easy-facebook-likebox/*",
    [
      55229
    ]
  ],
  [
    "/plugins/easy-twitter-feeds/public/js/widget.js",
    [
      55230
    ]
  ],
  [
    "/plugins/facebook-button-plugin/js/script.js",
    [
      55231
    ]
  ],
  [
    "/plugins/facebook-fanbox-popup/assets/js/spu.js",
    [
      55232
    ]
  ],
  [
    "/plugins/facebook-like-content-locker/js/pop.js",
    [
      55233
    ]
  ],
  [
    "/plugins/facebook-page-promoter-$~stylesheet",
    [
      55234
    ]
  ],
  [
    "/plugins/facebookpopuppro/js/facebookpopup.js",
    [
      55235
    ]
  ],
  [
    "/plugins/getsocial/lib/getsocial.js",
    [
      55236
    ]
  ],
  [
    "/plugins/knxdt-bookmarks-wordpress-plugin/css/style.css",
    [
      55237
    ]
  ],
  [
    "/plugins/light-social/*$~stylesheet",
    [
      55238
    ]
  ],
  [
    "/plugins/like-box-pro/includes/javascript/front_end_js.js",
    [
      55239
    ]
  ],
  [
    "/plugins/like-fb/js/popup.js",
    [
      55240
    ]
  ],
  [
    "/plugins/mashsharer/assets/js/mashsb.min.js",
    [
      55241
    ]
  ],
  [
    "/plugins/osd-social-media-sharing/includes/style.css",
    [
      55242
    ]
  ],
  [
    "/plugins/pinterest-pin-it-button-on-image-hover-and-post/js/pinit.js",
    [
      55243
    ]
  ],
  [
    "/plugins/rtsocial/js/rtss-main.js",
    [
      55244
    ]
  ],
  [
    "/plugins/share-and-follow/*$image",
    [
      55245
    ]
  ],
  [
    "/plugins/share-social/icons/*$image",
    [
      55246
    ]
  ],
  [
    "/plugins/simple-social-sharing-widgets-icons/*$~stylesheet",
    [
      55247
    ]
  ],
  [
    "/plugins/slick-social-share-buttons/*",
    [
      55248
    ]
  ],
  [
    "/plugins/slide-in/js/wdsi.js",
    [
      55249
    ]
  ],
  [
    "/plugins/sme-facebook-likebox-sidebar/*",
    [
      55250
    ]
  ],
  [
    "/plugins/sociable-re/images/*",
    [
      55251
    ]
  ],
  [
    "/plugins/sociable/*$~stylesheet",
    [
      55252
    ]
  ],
  [
    "/plugins/social-media-widget/*$image",
    [
      55253
    ]
  ],
  [
    "/plugins/social-profiles-widget/*$image",
    [
      55254
    ]
  ],
  [
    "/plugins/socialbox/assets/*",
    [
      55255
    ]
  ],
  [
    "/plugins/socialfans-counter/assets/js/socialfans-script.js",
    [
      55256
    ]
  ],
  [
    "/plugins/socialgrid/static/img/*",
    [
      55257
    ]
  ],
  [
    "/plugins/StickySocialBar/js/sharefront.js",
    [
      55258
    ]
  ],
  [
    "/plugins/subscribe-connect-follow-widget/images/*",
    [
      55259
    ]
  ],
  [
    "/plugins/tweet-this/icons/*",
    [
      55260
    ]
  ],
  [
    "/plugins/tweetmeme/button.js",
    [
      55261
    ]
  ],
  [
    "/plugins/ultimate-follow-me/*",
    [
      55262
    ]
  ],
  [
    "/plugins/ultimate-social-deux/public/assets/js/min/us.script-min.js",
    [
      55263
    ]
  ],
  [
    "/plugins/viperbar/client/js/front.js",
    [
      55264
    ]
  ],
  [
    "/plugins/wordpress-social-ring/*",
    [
      55265
    ]
  ],
  [
    "/plugins/wp-plus-one/wp-plus-one.js",
    [
      55266
    ]
  ],
  [
    "/plugins/wp-social-toolbar-pro/js/corescripts.js",
    [
      55267
    ]
  ],
  [
    "/plugins/wp-tweet-button/tweetn.png",
    [
      55268
    ]
  ],
  [
    "/prisna-social-counter.css",
    [
      55269
    ]
  ],
  [
    "/qa-social-share.css",
    [
      55270
    ]
  ],
  [
    "/Resources/twitter-$~xmlhttprequest",
    [
      55271
    ]
  ],
  [
    "/rrshare.js",
    [
      55272
    ]
  ],
  [
    "/s9-social-sharing-front.css",
    [
      55273
    ]
  ],
  [
    "/scrollShareMenu.html",
    [
      55274
    ]
  ],
  [
    "/share-bar-1.min.js",
    [
      55275
    ]
  ],
  [
    "/share-bar/build/index.js",
    [
      55276
    ]
  ],
  [
    "/share-bar/share-bar.js",
    [
      55277
    ]
  ],
  [
    "/share-button?",
    [
      55278
    ]
  ],
  [
    "/share-controller.js",
    [
      55279
    ]
  ],
  [
    "/share-controller.min.js",
    [
      55280
    ]
  ],
  [
    "/share-leadoff-public.js",
    [
      55281
    ]
  ],
  [
    "/share-on-diaspora-css.php",
    [
      55282
    ]
  ],
  [
    "/share.php?buttons=",
    [
      55283
    ]
  ],
  [
    "/share/count?",
    [
      55284
    ]
  ],
  [
    "/share/footer/*",
    [
      55285
    ]
  ],
  [
    "/share/frame/*",
    [
      55286
    ]
  ],
  [
    "/share42.js",
    [
      55287
    ]
  ],
  [
    "/share_button?",
    [
      55288
    ]
  ],
  [
    "/share_count.js",
    [
      55289
    ]
  ],
  [
    "/share_iframe.js",
    [
      55290
    ]
  ],
  [
    "/share_popup.js",
    [
      55291
    ]
  ],
  [
    "/share_sprite.png",
    [
      55292
    ]
  ],
  [
    "/share_toolbar.js",
    [
      55293
    ]
  ],
  [
    "/share_view.js",
    [
      55294
    ]
  ],
  [
    "/share_wechat.jpg",
    [
      55295
    ]
  ],
  [
    "/share_wechat.png",
    [
      55296
    ]
  ],
  [
    "/share_weibo.jpg",
    [
      55297
    ]
  ],
  [
    "/share_weibo.png",
    [
      55298
    ]
  ],
  [
    "/shareaholic.js",
    [
      55299
    ]
  ],
  [
    "/shareArrow.png",
    [
      55300
    ]
  ],
  [
    "/sharebar.js",
    [
      55301
    ]
  ],
  [
    "/shareBar/*",
    [
      55302
    ]
  ],
  [
    "/sharebars/*",
    [
      55303
    ]
  ],
  [
    "/shareBtn_",
    [
      55304
    ]
  ],
  [
    "/sharebutton?",
    [
      55305
    ]
  ],
  [
    "/sharecount/*",
    [
      55306
    ]
  ],
  [
    "/sharecounter?",
    [
      55307
    ]
  ],
  [
    "/sharecounts/*",
    [
      55308
    ]
  ],
  [
    "/shared-social-",
    [
      55309
    ]
  ],
  [
    "/shared/btn_",
    [
      55310
    ]
  ],
  [
    "/shared/social/*",
    [
      55311
    ]
  ],
  [
    "/sharedaddy.js",
    [
      55312
    ]
  ],
  [
    "/sharedaddy/sharing.min.js",
    [
      55313
    ]
  ],
  [
    "/shareFacebook.jpg",
    [
      55314
    ]
  ],
  [
    "/shareFacebook.png",
    [
      55315
    ]
  ],
  [
    "/Sharefb.jpg",
    [
      55316
    ]
  ],
  [
    "/Sharefb.png",
    [
      55317
    ]
  ],
  [
    "/sharefb_icon.png",
    [
      55318
    ]
  ],
  [
    "/shareicon-",
    [
      55319
    ]
  ],
  [
    "/shareIcons.$~stylesheet",
    [
      55320
    ]
  ],
  [
    "/shareit.js",
    [
      55321
    ]
  ],
  [
    "/shareit_",
    [
      55322
    ]
  ],
  [
    "/shareon.iife.js",
    [
      55323
    ]
  ],
  [
    "/shareon.min.css",
    [
      55324
    ]
  ],
  [
    "/sharer.js",
    [
      55325
    ]
  ],
  [
    "/shares/batch?",
    [
      55326
    ]
  ],
  [
    "/sharestats.cache.php?",
    [
      55327
    ]
  ],
  [
    "/sharethis-buttons.js",
    [
      55328
    ]
  ],
  [
    "/sharethis.js",
    [
      55329
    ]
  ],
  [
    "/shareThisIcons.png",
    [
      55330
    ]
  ],
  [
    "/sharetool.php?",
    [
      55331
    ]
  ],
  [
    "/shareTools.js",
    [
      55332
    ]
  ],
  [
    "/shareTT.js",
    [
      55333
    ]
  ],
  [
    "/Sharetw.png",
    [
      55334
    ]
  ],
  [
    "/sharetw_icon.png",
    [
      55335
    ]
  ],
  [
    "/shareTwitter.jpg",
    [
      55336
    ]
  ],
  [
    "/shareTwitter.png",
    [
      55337
    ]
  ],
  [
    "/shariff.complete.js",
    [
      55338
    ]
  ],
  [
    "/shariff.min.js",
    [
      55339
    ]
  ],
  [
    "/sharing-buttons.",
    [
      55340
    ]
  ],
  [
    "/sharing/sprites/*",
    [
      55341
    ]
  ],
  [
    "/sharing_icons/*",
    [
      55342
    ]
  ],
  [
    "/SharingBar/*",
    [
      55343
    ]
  ],
  [
    "/shr_btn_",
    [
      55344
    ]
  ],
  [
    "/shrMain.min.js",
    [
      55345
    ]
  ],
  [
    "/sidebar-facebook-",
    [
      55346
    ]
  ],
  [
    "/sidebar-follow.",
    [
      55347
    ]
  ],
  [
    "/sidebar-pinterest-",
    [
      55348
    ]
  ],
  [
    "/sidebar-social.",
    [
      55349
    ]
  ],
  [
    "/sidebar-twitter.",
    [
      55350
    ]
  ],
  [
    "/sidebar/social/*",
    [
      55351
    ]
  ],
  [
    "/sidebar_facebook.png",
    [
      55352
    ]
  ],
  [
    "/sidebar_twitter.png",
    [
      55353
    ]
  ],
  [
    "/silicon-counters.js",
    [
      55354
    ]
  ],
  [
    "/simple-share-$~stylesheet",
    [
      55355
    ]
  ],
  [
    "/simple-social-sharing/*$image",
    [
      55356
    ]
  ],
  [
    "/simpleshare.js",
    [
      55357
    ]
  ],
  [
    "/site/share/*",
    [
      55358
    ]
  ],
  [
    "/skm/assets/share/*",
    [
      55359
    ]
  ],
  [
    "/sm-share-",
    [
      55360
    ]
  ],
  [
    "/sm-youtube-",
    [
      55361
    ]
  ],
  [
    "/sm_share_",
    [
      55362
    ]
  ],
  [
    "/sme-facebook-$image",
    [
      55363
    ]
  ],
  [
    "/sn_share_",
    [
      55364
    ]
  ],
  [
    "/sns_naverband.",
    [
      55365
    ]
  ],
  [
    "/snstoolbar.",
    [
      55366
    ]
  ],
  [
    "/soc_bottom_",
    [
      55367
    ]
  ],
  [
    "/soc_facebook2.",
    [
      55368
    ]
  ],
  [
    "/socbutton/*",
    [
      55369
    ]
  ],
  [
    "/sociables/*",
    [
      55370
    ]
  ],
  [
    "/social-bar.",
    [
      55371
    ]
  ],
  [
    "/social-footer.jpg",
    [
      55372
    ]
  ],
  [
    "/social-footer.png",
    [
      55373
    ]
  ],
  [
    "/social-popup/*",
    [
      55374
    ]
  ],
  [
    "/social-proof-testimonials-slider/admin/js/slick-block-editor.js",
    [
      55375
    ]
  ],
  [
    "/Social-Sidebar.js",
    [
      55376
    ]
  ],
  [
    "/social-twit.png",
    [
      55377
    ]
  ],
  [
    "/social-twit.svg",
    [
      55378
    ]
  ],
  [
    "/social-url-generator.js",
    [
      55379
    ]
  ],
  [
    "/social-url-generator.minc.js",
    [
      55380
    ]
  ],
  [
    "/social-widgets-",
    [
      55381
    ]
  ],
  [
    "/social/sprite-",
    [
      55382
    ]
  ],
  [
    "/social2s.min.js",
    [
      55383
    ]
  ],
  [
    "/social_balloon-",
    [
      55384
    ]
  ],
  [
    "/social_black/*",
    [
      55385
    ]
  ],
  [
    "/social_bookmarking.png",
    [
      55386
    ]
  ],
  [
    "/social_bookmarking/*$image",
    [
      55387
    ]
  ],
  [
    "/social_bookmarks/*",
    [
      55388
    ]
  ],
  [
    "/social_footer.",
    [
      55389
    ]
  ],
  [
    "/social_header.",
    [
      55390
    ]
  ],
  [
    "/social_headers.",
    [
      55391
    ]
  ],
  [
    "/social_hovers.",
    [
      55392
    ]
  ],
  [
    "/social_hub/*",
    [
      55393
    ]
  ],
  [
    "/social_popup.",
    [
      55394
    ]
  ],
  [
    "/social_subscribe_",
    [
      55395
    ]
  ],
  [
    "/social_tools.",
    [
      55396
    ]
  ],
  [
    "/social_tube-",
    [
      55397
    ]
  ],
  [
    "/social_widget.$~stylesheet",
    [
      55398
    ]
  ],
  [
    "/social_widget/*",
    [
      55399
    ]
  ],
  [
    "/social_widget?",
    [
      55400
    ]
  ],
  [
    "/socialappsintegrator.",
    [
      55401
    ]
  ],
  [
    "/socialbadges.",
    [
      55402
    ]
  ],
  [
    "/socialbar-",
    [
      55403
    ]
  ],
  [
    "/socialbar.$~stylesheet",
    [
      55404
    ]
  ],
  [
    "/socialbar_",
    [
      55405
    ]
  ],
  [
    "/socialBarSprite.",
    [
      55406
    ]
  ],
  [
    "/SocialBookmark/*",
    [
      55407
    ]
  ],
  [
    "/socialbookmarkerbot_images/*",
    [
      55408
    ]
  ],
  [
    "/socialbookmarks.",
    [
      55409
    ]
  ],
  [
    "/socialbookmarks/*",
    [
      55410
    ]
  ],
  [
    "/socialcount.js",
    [
      55411
    ]
  ],
  [
    "/socialcount.min.js",
    [
      55412
    ]
  ],
  [
    "/socialcounters/*",
    [
      55413
    ]
  ],
  [
    "/socialcounts/*$script",
    [
      55414
    ]
  ],
  [
    "/socialCounts?",
    [
      55415
    ]
  ],
  [
    "/socialfacebookdark.",
    [
      55416
    ]
  ],
  [
    "/socialfooter.",
    [
      55417
    ]
  ],
  [
    "/socialFooterSprite.",
    [
      55418
    ]
  ],
  [
    "/socialgoogledark.",
    [
      55419
    ]
  ],
  [
    "/socialhomesprite2.",
    [
      55420
    ]
  ],
  [
    "/socialite.js",
    [
      55421
    ]
  ],
  [
    "/socialite.min.js",
    [
      55422
    ]
  ],
  [
    "/socialize/*$~stylesheet",
    [
      55423
    ]
  ],
  [
    "/sociallocker-",
    [
      55424
    ]
  ],
  [
    "/socialmediabuttons.",
    [
      55425
    ]
  ],
  [
    "/SocialMediaLink/*",
    [
      55426
    ]
  ],
  [
    "/socialmediasprite.png",
    [
      55427
    ]
  ],
  [
    "/socialnetwork-buttons/*",
    [
      55428
    ]
  ],
  [
    "/socialplugins/*",
    [
      55429
    ]
  ],
  [
    "/SocialSharePlugin.js",
    [
      55430
    ]
  ],
  [
    "/SocialSharePlugin.png",
    [
      55431
    ]
  ],
  [
    "/socialshares.js",
    [
      55432
    ]
  ],
  [
    "/socialsite/*",
    [
      55433
    ]
  ],
  [
    "/socialSmall/*",
    [
      55434
    ]
  ],
  [
    "/SocialSprite.",
    [
      55435
    ]
  ],
  [
    "/socialsprites.",
    [
      55436
    ]
  ],
  [
    "/socialstat?",
    [
      55437
    ]
  ],
  [
    "/socialtwitter1.png",
    [
      55438
    ]
  ],
  [
    "/socialwd/*",
    [
      55439
    ]
  ],
  [
    "/sociofluid/*$~script,~stylesheet",
    [
      55440
    ]
  ],
  [
    "/squaresocial-",
    [
      55441
    ]
  ],
  [
    "/stocktwits_share.png",
    [
      55442
    ]
  ],
  [
    "/synved-social/image/*",
    [
      55443
    ]
  ],
  [
    "/tabs/social/*",
    [
      55444
    ]
  ],
  [
    "/tarful-share-public.js",
    [
      55445
    ]
  ],
  [
    "/tools/newSideShare/*",
    [
      55446
    ]
  ],
  [
    "/tweet_footer.png",
    [
      55447
    ]
  ],
  [
    "/twfooter.png",
    [
      55448
    ]
  ],
  [
    "/twitbadge.jpg",
    [
      55449
    ]
  ],
  [
    "/twitter-follow-",
    [
      55450
    ]
  ],
  [
    "/twitter-footer-",
    [
      55451
    ]
  ],
  [
    "/twitter-v2.jpg",
    [
      55452
    ]
  ],
  [
    "/twitter-v2.png",
    [
      55453
    ]
  ],
  [
    "/twitter-widget.jpg",
    [
      55454
    ]
  ],
  [
    "/twitter-widget.png",
    [
      55455
    ]
  ],
  [
    "/twitter_badge.png",
    [
      55456
    ]
  ],
  [
    "/twitter_follow.jpg",
    [
      55457
    ]
  ],
  [
    "/twitter_follow.png",
    [
      55458
    ]
  ],
  [
    "/twitter_footer.jpg",
    [
      55459
    ]
  ],
  [
    "/twitter_footer.png",
    [
      55460
    ]
  ],
  [
    "/twitter_header.jpg",
    [
      55461
    ]
  ],
  [
    "/twitter_header.png",
    [
      55462
    ]
  ],
  [
    "/twitter_square.png",
    [
      55463
    ]
  ],
  [
    "/twitter_square.svg",
    [
      55464
    ]
  ],
  [
    "/twitterbadge.png",
    [
      55465
    ]
  ],
  [
    "/twitterfloat.js",
    [
      55466
    ]
  ],
  [
    "/twitterfollow.jpg",
    [
      55467
    ]
  ],
  [
    "/twitterfollow.png",
    [
      55468
    ]
  ],
  [
    "/twitterlib.js",
    [
      55469
    ]
  ],
  [
    "/twitteron.jpg",
    [
      55470
    ]
  ],
  [
    "/twitteron.png",
    [
      55471
    ]
  ],
  [
    "/twittersquare.png",
    [
      55472
    ]
  ],
  [
    "/videojs-share.js",
    [
      55473
    ]
  ],
  [
    "/viewboxTraffic_min.js",
    [
      55474
    ]
  ],
  [
    "/visual/social/*",
    [
      55475
    ]
  ],
  [
    "/vk_button.jpg",
    [
      55476
    ]
  ],
  [
    "/vk_button.png",
    [
      55477
    ]
  ],
  [
    "/weiboshare.html",
    [
      55478
    ]
  ],
  [
    "/whatsapp-button.js",
    [
      55479
    ]
  ],
  [
    "/whatsapp_button.php",
    [
      55480
    ]
  ],
  [
    "/whatsapp_icon.png",
    [
      55481
    ]
  ],
  [
    "/whatsappblogger.js",
    [
      55482
    ]
  ],
  [
    "/whatsappshare.jpg",
    [
      55483
    ]
  ],
  [
    "/whatsappshare.js",
    [
      55484
    ]
  ],
  [
    "/widget/share?",
    [
      55485
    ]
  ],
  [
    "/widget/share_",
    [
      55486
    ]
  ],
  [
    "/widgets/sharing-",
    [
      55487
    ]
  ],
  [
    "/widgets/socials/*",
    [
      55488
    ]
  ],
  [
    "/widgets/twitter/*",
    [
      55489
    ]
  ],
  [
    "/wordpress-popup/*$domain=ahchealthenews.com",
    [
      55490
    ]
  ],
  [
    "/wp-content/plugins/advanced-facebook-content-locker/*",
    [
      55491
    ]
  ],
  [
    "/wp-followme/*",
    [
      55492
    ]
  ],
  [
    "/wp-social-media-",
    [
      55493
    ]
  ],
  [
    "/wp-social-toolbar/*",
    [
      55494
    ]
  ],
  [
    "/xnapp/share/*",
    [
      55495
    ]
  ],
  [
    "/xsocial-icons.",
    [
      55496
    ]
  ],
  [
    "/xsocial_sprites_",
    [
      55497
    ]
  ],
  [
    "/ya-share.js",
    [
      55498
    ]
  ],
  [
    "_facebook_banner/",
    [
      55499
    ]
  ],
  [
    "_footer_share_",
    [
      55500
    ]
  ],
  [
    "_footer_socials.",
    [
      55501
    ]
  ],
  [
    "_footer_twitter.",
    [
      55502
    ]
  ],
  [
    "_header_share.",
    [
      55503
    ]
  ],
  [
    "_instagram_badge",
    [
      55504
    ]
  ],
  [
    "_instagram_hover.",
    [
      55505
    ]
  ],
  [
    "_mvsocialbuttons/",
    [
      55506
    ]
  ],
  [
    "_pinterest_square_",
    [
      55507
    ]
  ],
  [
    "_share_bookmark.",
    [
      55508
    ]
  ],
  [
    "_share_widget_",
    [
      55509
    ]
  ],
  [
    "_sharrre.php?",
    [
      55510
    ]
  ],
  [
    "_slideshare.",
    [
      55511
    ]
  ],
  [
    "_small_share.",
    [
      55512
    ]
  ],
  [
    "_sns-hatena.",
    [
      55513
    ]
  ],
  [
    "_sns_me2day.",
    [
      55514
    ]
  ],
  [
    "_social-bar/",
    [
      55515
    ]
  ],
  [
    "_social_badge_$~xmlhttprequest",
    [
      55516
    ]
  ],
  [
    "_social_bookmark/",
    [
      55517
    ]
  ],
  [
    "_social_bookmarks/",
    [
      55518
    ]
  ],
  [
    "_social_footer_",
    [
      55519
    ]
  ],
  [
    "_socialfancysliders/",
    [
      55520
    ]
  ],
  [
    "_socialmediabox_",
    [
      55521
    ]
  ],
  [
    "_socialtoggle.",
    [
      55522
    ]
  ],
  [
    "_sosyal_bar.",
    [
      55523
    ]
  ],
  [
    "_sp_social/",
    [
      55524
    ]
  ],
  [
    "_twitter_follow.",
    [
      55525
    ]
  ],
  [
    "/jquery.bpopup.$script,domain=telechargerunevideo.com",
    [
      55526
    ]
  ],
  [
    "/wp-content/plugins/videolock/*$script",
    [
      55527
    ]
  ],
  [
    "||addnow.com^$third-party",
    [
      55528
    ]
  ],
  [
    "||addthis.com^$third-party",
    [
      55529
    ]
  ],
  [
    "||addthiscdn.com^$domain=~addthis.com",
    [
      55530
    ]
  ],
  [
    "||addtoany.com^$third-party",
    [
      55531
    ]
  ],
  [
    "||assets.pinterest.com/js/pinit.js$third-party",
    [
      55532
    ]
  ],
  [
    "||assets.pinterest.com/pidget.html$third-party",
    [
      55533
    ]
  ],
  [
    "||b.hatena.ne.jp^$third-party",
    [
      55534
    ]
  ],
  [
    "||b.st-hatena.com/images/$image,third-party,domain=~b.hatena.ne.jp",
    [
      55535
    ]
  ],
  [
    "||b.st-hatena.com/js/$script,third-party,domain=~b.hatena.ne.jp",
    [
      55536
    ]
  ],
  [
    "||badge.facebook.com^$third-party",
    [
      55537
    ]
  ],
  [
    "||badges.instagram.com^$third-party",
    [
      55538
    ]
  ],
  [
    "||bloglovin.com/widget/$third-party",
    [
      55539
    ]
  ],
  [
    "||bshare.cn^$third-party",
    [
      55540
    ]
  ],
  [
    "||button-share.zalo.me^$third-party",
    [
      55541
    ]
  ],
  [
    "||button.like.co^$third-party",
    [
      55542
    ]
  ],
  [
    "||buttons.github.io/buttons.js$third-party",
    [
      55543
    ]
  ],
  [
    "||buttons.googlesyndication.com^$third-party",
    [
      55544
    ]
  ],
  [
    "||connect.ok.ru^$third-party",
    [
      55545
    ]
  ],
  [
    "||crowdynews.com^$third-party",
    [
      55546
    ]
  ],
  [
    "||dailymotion.com/badge/user/$third-party",
    [
      55547
    ]
  ],
  [
    "||digg.com^$script,subdocument,third-party",
    [
      55548
    ]
  ],
  [
    "||facebook.com/plugins/activity.php?$third-party",
    [
      55549
    ]
  ],
  [
    "||facebook.com/plugins/facepile.php?$third-party",
    [
      55550
    ]
  ],
  [
    "||facebook.com/plugins/fan.php?$third-party",
    [
      55551
    ]
  ],
  [
    "||facebook.com/plugins/follow.php$third-party",
    [
      55552
    ]
  ],
  [
    "||facebook.com/plugins/like.php?$third-party",
    [
      55553
    ]
  ],
  [
    "||facebook.com/plugins/like_box.php$third-party",
    [
      55554
    ]
  ],
  [
    "||facebook.com/plugins/likebox/$third-party",
    [
      55555
    ]
  ],
  [
    "||facebook.com/plugins/page.php?$third-party",
    [
      55556
    ]
  ],
  [
    "||facebook.com/plugins/recommendations.php?$third-party",
    [
      55557
    ]
  ],
  [
    "||facebook.com/plugins/send.php?$third-party",
    [
      55558
    ]
  ],
  [
    "||facebook.com/plugins/subscribe.php$third-party",
    [
      55559
    ]
  ],
  [
    "||facebook.com/widgets/activity.php?$third-party",
    [
      55560
    ]
  ],
  [
    "||facebook.com/widgets/fan.php?$third-party",
    [
      55561
    ]
  ],
  [
    "||facebook.com/widgets/like.php?$third-party",
    [
      55562
    ]
  ],
  [
    "||facebook.com/widgets/recommendations.php?$third-party",
    [
      55563
    ]
  ],
  [
    "||facebook.com^*/plugins/like.php?$third-party",
    [
      55564
    ]
  ],
  [
    "||facebook.com^*/plugins/page.php?$third-party",
    [
      55565
    ]
  ],
  [
    "||facebook.com^*/plugins/share_button.php?$third-party",
    [
      55566
    ]
  ],
  [
    "||fark.com^$script,third-party",
    [
      55567
    ]
  ],
  [
    "||feedly.com/img/follows/$third-party",
    [
      55568
    ]
  ],
  [
    "||figshare.com^$third-party",
    [
      55569
    ]
  ],
  [
    "||filamentapp-assets.s3.amazonaws.com^$third-party",
    [
      55570
    ]
  ],
  [
    "||filamentapp.s3.amazonaws.com^$third-party",
    [
      55571
    ]
  ],
  [
    "||fireworkapi.com^$third-party",
    [
      55572
    ]
  ],
  [
    "||fireworkapi1.com^$third-party",
    [
      55573
    ]
  ],
  [
    "||fireworktv.com^$third-party",
    [
      55574
    ]
  ],
  [
    "||flipboard.com/web/buttons/$third-party",
    [
      55575
    ]
  ],
  [
    "||followistic.com^$third-party",
    [
      55576
    ]
  ],
  [
    "||friends2follow.com^$subdocument,third-party",
    [
      55577
    ]
  ],
  [
    "||fwcdn2.com^$third-party",
    [
      55578
    ]
  ],
  [
    "||fwcdn3.com^$third-party",
    [
      55579
    ]
  ],
  [
    "||getbutton.io/widget-send-button/$third-party",
    [
      55580
    ]
  ],
  [
    "||getsocial.io/widget/$third-party",
    [
      55581
    ]
  ],
  [
    "||getsocial.io^*/gs_async.js$third-party",
    [
      55582
    ]
  ],
  [
    "||google.com/_/+1/$third-party",
    [
      55583
    ]
  ],
  [
    "||google.com^*/fastbutton?$third-party",
    [
      55584
    ]
  ],
  [
    "||gotchosen.com^$third-party",
    [
      55585
    ]
  ],
  [
    "||gplusapi.appspot.com^$third-party",
    [
      55586
    ]
  ],
  [
    "||graph.facebook.com/fql?q=SELECT$third-party",
    [
      55587
    ]
  ],
  [
    "||handll.com^$third-party",
    [
      55588
    ]
  ],
  [
    "||hatena.ne.jp/entry/button/$third-party",
    [
      55589
    ]
  ],
  [
    "||herokuapp.com/button.html?$third-party",
    [
      55590
    ]
  ],
  [
    "||hn-button.herokuapp.com^$third-party",
    [
      55591
    ]
  ],
  [
    "||iconosquare.com/widget.php$third-party",
    [
      55592
    ]
  ],
  [
    "||insidesoci.al^$third-party",
    [
      55593
    ]
  ],
  [
    "||jit.su/frame$third-party",
    [
      55594
    ]
  ],
  [
    "||jsoon.digitiminimi.com^$third-party",
    [
      55595
    ]
  ],
  [
    "||karmacracy.com/widget$third-party",
    [
      55596
    ]
  ],
  [
    "||lessbuttons.com^$third-party",
    [
      55597
    ]
  ],
  [
    "||likebtn.com^$third-party",
    [
      55598
    ]
  ],
  [
    "||line-apps.com^*/thirdparty/$third-party",
    [
      55599
    ]
  ],
  [
    "||line.me/js/line-button.js?$third-party",
    [
      55600
    ]
  ],
  [
    "||linkedin.com/countserv/$third-party",
    [
      55601
    ]
  ],
  [
    "||linkedin.com/img/$third-party",
    [
      55602
    ]
  ],
  [
    "||linkedin.com/uas/js/userspace?$third-party",
    [
      55603
    ]
  ],
  [
    "||linksalpha.com^$third-party",
    [
      55604
    ]
  ],
  [
    "||loveclaw.com^$third-party",
    [
      55605
    ]
  ],
  [
    "||markerly.com^$third-party",
    [
      55606
    ]
  ],
  [
    "||massrelevance.com^$third-party",
    [
      55607
    ]
  ],
  [
    "||meebo.com^$third-party",
    [
      55608
    ]
  ],
  [
    "||meerkatapp.co/btn/$third-party",
    [
      55609
    ]
  ],
  [
    "||messengerpeople.com^$third-party",
    [
      55610
    ]
  ],
  [
    "||milotree.com^$third-party",
    [
      55611
    ]
  ],
  [
    "||newsharecounts.com^$third-party",
    [
      55612
    ]
  ],
  [
    "||opensharecount.com^$third-party",
    [
      55613
    ]
  ],
  [
    "||patreon.com/becomePatronButton.bundle.js$third-party",
    [
      55614
    ]
  ],
  [
    "||pepper.com^$third-party",
    [
      55615
    ]
  ],
  [
    "||pinterest.com/images/$third-party",
    [
      55616
    ]
  ],
  [
    "||pinterest.com/js/pinit_main.js$third-party",
    [
      55617
    ]
  ],
  [
    "||pinterest.com/v1/urls/count.json$third-party",
    [
      55618
    ]
  ],
  [
    "||platform.foursquare.com^$third-party",
    [
      55619
    ]
  ],
  [
    "||platform.linkedin.com^$third-party",
    [
      55620
    ]
  ],
  [
    "||platform.twitter.com/anywhere.js$third-party",
    [
      55621
    ]
  ],
  [
    "||platform.twitter.com/embed/$~stylesheet,~subdocument,third-party",
    [
      55622
    ]
  ],
  [
    "||platform.twitter.com/js/button.$third-party",
    [
      55623
    ]
  ],
  [
    "||po.st/share/$script",
    [
      55624
    ]
  ],
  [
    "||po.st/static/$third-party",
    [
      55625
    ]
  ],
  [
    "||reactandshare.com^$third-party",
    [
      55626
    ]
  ],
  [
    "||reddit.com/api/info.json?$third-party",
    [
      55627
    ]
  ],
  [
    "||reddit.com/button.js?$third-party",
    [
      55628
    ]
  ],
  [
    "||reddit.com/static/$third-party",
    [
      55629
    ]
  ],
  [
    "||revinate.com^$third-party",
    [
      55630
    ]
  ],
  [
    "||scoop.it^$third-party",
    [
      55631
    ]
  ],
  [
    "||share.itraffic.su^$third-party",
    [
      55632
    ]
  ],
  [
    "||share.static.skyrock.net^$third-party",
    [
      55633
    ]
  ],
  [
    "||shareaholic.com^$third-party",
    [
      55634
    ]
  ],
  [
    "||sharedcount.com^$third-party",
    [
      55635
    ]
  ],
  [
    "||sharethis.com^$third-party",
    [
      55636
    ]
  ],
  [
    "||sharexy.com^$third-party",
    [
      55637
    ]
  ],
  [
    "||sharpay.io^$third-party",
    [
      55638
    ]
  ],
  [
    "||shpg.org^$third-party",
    [
      55639
    ]
  ],
  [
    "||simplesharebuttons.com^$third-party",
    [
      55640
    ]
  ],
  [
    "||softwebzone.com^$third-party",
    [
      55641
    ]
  ],
  [
    "||spotify.com/follow/$third-party",
    [
      55642
    ]
  ],
  [
    "||statigr.am^$third-party",
    [
      55643
    ]
  ],
  [
    "||storeya.com/externalscript/$third-party",
    [
      55644
    ]
  ],
  [
    "||trendemon.com^$third-party",
    [
      55645
    ]
  ],
  [
    "||twinesocial.com^$third-party",
    [
      55646
    ]
  ],
  [
    "||twitter.com/account/$third-party",
    [
      55647
    ]
  ],
  [
    "||twitter.com/i/jot",
    [
      55648
    ]
  ],
  [
    "||twitter.com/js/timeline.$script,third-party",
    [
      55649
    ]
  ],
  [
    "||usocial.pro^$third-party",
    [
      55650
    ]
  ],
  [
    "||vk.com/share.php?$third-party",
    [
      55651
    ]
  ],
  [
    "||vk.com/widget_community.php$third-party",
    [
      55652
    ]
  ],
  [
    "||vk.com/widget_community_messages.php?$third-party",
    [
      55653
    ]
  ],
  [
    "||vk.com/widget_like.php$third-party",
    [
      55654
    ]
  ],
  [
    "||vkontakte.ru/js/api/$third-party,domain=~arudex.com|~tapclap.com|~ugo.ru|~vk.com",
    [
      55655
    ]
  ],
  [
    "||vkontakte.ru/share.php?$third-party",
    [
      55656
    ]
  ],
  [
    "||vkontakte.ru/widget_community.php$third-party",
    [
      55657
    ]
  ],
  [
    "||vkontakte.ru/widget_like.php$third-party",
    [
      55658
    ]
  ],
  [
    "||w.uptolike.com^$third-party",
    [
      55659
    ]
  ],
  [
    "||weibo.com/staticjs/weiboshare.html$third-party",
    [
      55660
    ]
  ],
  [
    "||widget.weibo.com^$third-party",
    [
      55661
    ]
  ],
  [
    "||widget.whatshelp.io^$third-party",
    [
      55662
    ]
  ],
  [
    "||widgets.getpocket.com^$third-party",
    [
      55663
    ]
  ],
  [
    "||widgets.wp.com/likes/$third-party",
    [
      55664
    ]
  ],
  [
    "||wykop.pl/dataprovider/diggerwidget/$third-party",
    [
      55665
    ]
  ],
  [
    "||xing-share.com^$third-party",
    [
      55666
    ]
  ],
  [
    "||xing.com/img/buttons/$third-party",
    [
      55667
    ]
  ],
  [
    "||yandex.st/share/",
    [
      55668
    ]
  ],
  [
    "||youtube.com/subscribe_embed?$third-party",
    [
      55669
    ]
  ],
  [
    "||youtube.com/subscribe_widget$third-party",
    [
      55670
    ]
  ],
  [
    "||zextit.com/partners/$third-party",
    [
      55671
    ]
  ],
  [
    "||ipaddress.com/shariff/",
    [
      55672
    ]
  ],
  [
    "||naturalnews.com/getviews2.",
    [
      55673
    ]
  ],
  [
    "||people.com.cn/img/2020fenxiang/",
    [
      55674
    ]
  ],
  [
    "||probook.bg/like?$third-party",
    [
      55675
    ]
  ],
  [
    "||pipeline.de/socialmedia-icons/",
    [
      55676
    ]
  ],
  [
    "||seitzeichen.de^$third-party",
    [
      55677
    ]
  ],
  [
    "||social-bookmarking-tools.de^$third-party",
    [
      55678
    ]
  ],
  [
    "||werkenntwen.de/images/buttons/$third-party",
    [
      55679
    ]
  ],
  [
    "||lequipe.fr/_nuxt/Share.",
    [
      55680
    ]
  ],
  [
    "||produits-asiatiques.com/annuaire/templates/coolor/images/facebook-faces.gif",
    [
      55681
    ]
  ],
  [
    "||almasryalyoum.com/scripts/sharing.js",
    [
      55682
    ]
  ],
  [
    "||stjegypt.com/uploads/stjnew.jpg",
    [
      55683
    ]
  ],
  [
    "||share.baidu.com^",
    [
      55684
    ]
  ],
  [
    "||napolimagazine.com/web/img/iconefooter/",
    [
      55685
    ]
  ],
  [
    "||napolimagazine.com/web/img/iconetop/",
    [
      55686
    ]
  ],
  [
    "||nursetimes.org/wp-content/uploads/2016/01/telegram-banner.png",
    [
      55687
    ]
  ],
  [
    "||imyfone.com/assets/js/media_share/",
    [
      55688
    ]
  ],
  [
    "||ministop.co.jp/site_common/js/sns_",
    [
      55689
    ]
  ],
  [
    "||plugins.mixi.jp/favorite.pl?$third-party",
    [
      55690
    ]
  ],
  [
    "||draugiem.lv/business/ext/fans/$third-party",
    [
      55691
    ]
  ],
  [
    "||draugiem.lv/business/ext/follow/$third-party",
    [
      55692
    ]
  ],
  [
    "||draugiem.lv/lapas/widgets/$third-party",
    [
      55693
    ]
  ],
  [
    "||draugiem.lv/say/ext/like.php$third-party",
    [
      55694
    ]
  ],
  [
    "||draugiem.lv/say/ext/recommend.php$third-party",
    [
      55695
    ]
  ],
  [
    "||draugiem.lv^*/js/fans/$third-party",
    [
      55696
    ]
  ],
  [
    "||sekomums.lv^$third-party",
    [
      55697
    ]
  ],
  [
    "||defatoonline.com.br/whatsapp.html",
    [
      55698
    ]
  ],
  [
    "||trrsf.com/transversais/trr_bar/$script",
    [
      55699
    ]
  ],
  [
    "||dni.ru^*/sotial-",
    [
      55700
    ]
  ],
  [
    "||russia.tv/js/modules/social-subscriber.js",
    [
      55701
    ]
  ],
  [
    "||spynews.ro/templates/default/img/face.png",
    [
      55702
    ]
  ],
  [
    "||vestifinance.ru/js/share.js",
    [
      55703
    ]
  ],
  [
    "@@/angular-facebook.js",
    [
      55704
    ]
  ],
  [
    "@@/wp-content/plugins/bwp-minify/min/?*,wp-content$script,stylesheet,~third-party",
    [
      55705
    ]
  ],
  [
    "@@/wp-content/plugins/share-this-image/*$~third-party",
    [
      55706
    ]
  ],
  [
    "@@/wp-content/plugins/socialauth-wp/*$~third-party",
    [
      55707
    ]
  ],
  [
    "@@/wp-content/plugins/wordpress-social-login/*$~third-party",
    [
      55708
    ]
  ],
  [
    "@@/wp-content/plugins/wp-minify/min/?*,wp-content$stylesheet",
    [
      55709
    ]
  ],
  [
    "@@/wp-content/plugins/wp-rocket/*$image,~third-party",
    [
      55710
    ]
  ],
  [
    "@@||3obieg.pl/wp-content/themes/sowe/css/content/$image",
    [
      55711
    ]
  ],
  [
    "@@||adguard.com/public/Adguard/Blog/Android/comparison/facebook_$image,domain=adguard.com",
    [
      55712
    ]
  ],
  [
    "@@||ahaan.co.uk^$~third-party,xmlhttprequest",
    [
      55713
    ]
  ],
  [
    "@@||answers.ros.org/m/default/media/images/socialsprite.png$~third-party",
    [
      55714
    ]
  ],
  [
    "@@||app.conceptboard.com^*/SocialIcons.js$xmlhttprequest",
    [
      55715
    ]
  ],
  [
    "@@||app.veggly.net/plugins/cordova-plugin-x-socialsharing/$script,~third-party",
    [
      55716
    ]
  ],
  [
    "@@||arcgis.com/apps/Nearby/app/components/Share/$~third-party",
    [
      55717
    ]
  ],
  [
    "@@||arhn.eu/wp-content/themes/socialize/$~third-party",
    [
      55718
    ]
  ],
  [
    "@@||assets.msn.com/bundles/*/social-bar-$~third-party",
    [
      55719
    ]
  ],
  [
    "@@||authy.com/wp-content/themes/authy/assets/images/icons/",
    [
      55720
    ]
  ],
  [
    "@@||brave.com/wp-content/uploads/$image,~third-party",
    [
      55721
    ]
  ],
  [
    "@@||cdn.flowplayer.com^*/share.min.js",
    [
      55722
    ]
  ],
  [
    "@@||comelitgroup.com/wp-content/themes/comelitgroup/includes/js/instafeed.min.js$~third-party",
    [
      55723
    ]
  ],
  [
    "@@||comelitgroup.com/wp-content/themes/comelitgroup/includes/js/SocialShare.min.js$~third-party",
    [
      55724
    ]
  ],
  [
    "@@||commonsensemedia.org/ajax/review/$~third-party,xmlhttprequest",
    [
      55725
    ]
  ],
  [
    "@@||d27rt3a60hh1lx.cloudfront.net/models/$domain=muse.place",
    [
      55726
    ]
  ],
  [
    "@@||digitrend.it/wonder-marketing/assets/wordpress/js/videojs-share.min.js?$script,domain=vrsicilia.it",
    [
      55727
    ]
  ],
  [
    "@@||enumizmatyczny.pl/modules/hifacebookconnect/$image",
    [
      55728
    ]
  ],
  [
    "@@||facebook.com^*/plugins/page.php?$domain=cieplikpodrozuje.pl|makulscy.com",
    [
      55729
    ]
  ],
  [
    "@@||fc-zenit.ru/local/templates/new_html/css/nav-social-2/$~third-party",
    [
      55730
    ]
  ],
  [
    "@@||findicons.com/files/icons/$~third-party",
    [
      55731
    ]
  ],
  [
    "@@||gen.jut.su/jcdn/minify?charset=*/videojs-share.$script,stylesheet,domain=jut.su",
    [
      55732
    ]
  ],
  [
    "@@||iconfinder.com/data/icons/$~third-party",
    [
      55733
    ]
  ],
  [
    "@@||iconizer.net/files/*_social_$image",
    [
      55734
    ]
  ],
  [
    "@@||iconspedia.com/icon/$image,~third-party",
    [
      55735
    ]
  ],
  [
    "@@||inscience.news/svc/getscript.aspx$script,~third-party",
    [
      55736
    ]
  ],
  [
    "@@||instagram.com/p/$subdocument,third-party",
    [
      55737
    ]
  ],
  [
    "@@||jsdelivr.net/npm/sharer.js",
    [
      55738
    ]
  ],
  [
    "@@||kinogoo.cc/engine/classes/min/index.php$~third-party,xmlhttprequest",
    [
      55739
    ]
  ],
  [
    "@@||livesicilia.it/wp-content/plugins/digistream/digiplayer/js/videojs-share.min.js?$script,~third-party",
    [
      55740
    ]
  ],
  [
    "@@||login.kataweb.it^*/sprite-social.png",
    [
      55741
    ]
  ],
  [
    "@@||logo.wine/a/logo/$image,~third-party",
    [
      55742
    ]
  ],
  [
    "@@||meltyblood.typelumina.com/resources/img/common/$image,~third-party",
    [
      55743
    ]
  ],
  [
    "@@||moneyweb.co.za^*/social-shares.min.js?",
    [
      55744
    ]
  ],
  [
    "@@||nhk.or.jp/common/sns/nol_share.js$script,~third-party",
    [
      55745
    ]
  ],
  [
    "@@||nuxt.com/_nuxt/SocialLinks.$script,~third-party",
    [
      55746
    ]
  ],
  [
    "@@||parlament.mt/scripts/easy-social-share.js",
    [
      55747
    ]
  ],
  [
    "@@||player.fm^*/social-icons/$image",
    [
      55748
    ]
  ],
  [
    "@@||pngrepo.com/png/$image,~third-party",
    [
      55749
    ]
  ],
  [
    "@@||politumor.ru/engine/classes/min/index.php?f=*/share42.js$script,~third-party",
    [
      55750
    ]
  ],
  [
    "@@||qds.it/wp-content/plugins/digistream/digiplayer/js/videojs-share.min.js?$script,~third-party",
    [
      55751
    ]
  ],
  [
    "@@||radio24.ilsole24ore.com/plugins/cordova-plugin-x-socialsharing/www/SocialSharing.js$script,~third-party",
    [
      55752
    ]
  ],
  [
    "@@||reactandshare.com/plugin/rns.js$domain=verkkouutiset.fi",
    [
      55753
    ]
  ],
  [
    "@@||s7.addthis.com^*/addthis_widget.js$domain=mediamatters.org|politico.com",
    [
      55754
    ]
  ],
  [
    "@@||softicons.com/download/$image",
    [
      55755
    ]
  ],
  [
    "@@||srf.ch/socialview-in/$~third-party",
    [
      55756
    ]
  ],
  [
    "@@||static.addtoany.com/menu/page.js$script,domain=suttonquebec.com",
    [
      55757
    ]
  ],
  [
    "@@||static.parastorage.com/services/editor-elements/dist/facebookshare.$script,third-party",
    [
      55758
    ]
  ],
  [
    "@@||supremacy1914.com/fileadmin/templates/$~third-party",
    [
      55759
    ]
  ],
  [
    "@@||svgrepo.com/show/$image,~third-party",
    [
      55760
    ]
  ],
  [
    "@@||tf1.fr/public/*-share-$script,~third-party",
    [
      55761
    ]
  ],
  [
    "@@||tgcom24.mediaset.it/assets/js/amd/socialcount.js",
    [
      55762
    ]
  ],
  [
    "@@||tgstat.ru/js/share2/share.js$script,~third-party",
    [
      55763
    ]
  ],
  [
    "@@||thecity.m24.ru/css/ya-share.css",
    [
      55764
    ]
  ],
  [
    "@@||thecompany.pl/graf/icons/youtube.png",
    [
      55765
    ]
  ],
  [
    "@@||toneden.io/production/javascripts/social.js$script,~third-party",
    [
      55766
    ]
  ],
  [
    "@@||tosdr.org/logo/$image",
    [
      55767
    ]
  ],
  [
    "@@||tweet.mapping.jp/data/czml/tweets.json$~third-party",
    [
      55768
    ]
  ],
  [
    "@@||vpobede.ru/assets/images/footer-social/$~third-party,xmlhttprequest",
    [
      55769
    ]
  ],
  [
    "@@||wettercomassets.com/wcomv5/images/footer/$domain=wetter.com",
    [
      55770
    ]
  ],
  [
    "@@||yap.ru/html/static/share/$image,~third-party",
    [
      55771
    ]
  ],
  [
    "@@||yaplakal.com/html/static/$image,~third-party",
    [
      55772
    ]
  ],
  [
    "@@||yastatic.net/share2/share.js$script",
    [
      55773
    ]
  ]
]