[
  [
    "-push-notification.$domain=~github.com",
    [
      564362
    ]
  ],
  [
    "-push-notification/$domain=~github.com",
    [
      564363
    ]
  ],
  [
    "/accusmartwebpush-fire-push-public.js",
    [
      564364
    ]
  ],
  [
    "/al-fb-notification/assets/scripts/al-main-script.js",
    [
      564365
    ]
  ],
  [
    "/amp-user-notification-",
    [
      564366
    ]
  ],
  [
    "/amp-web-push-0.1.js",
    [
      564367
    ]
  ],
  [
    "/assets/www/notification.",
    [
      564368
    ]
  ],
  [
    "/build/push.js",
    [
      564369
    ]
  ],
  [
    "/checkPush.js",
    [
      564370
    ]
  ],
  [
    "/content/js/push.js",
    [
      564371
    ]
  ],
  [
    "/fcmPush.js",
    [
      564372
    ]
  ],
  [
    "/FeedifySW.js",
    [
      564373
    ]
  ],
  [
    "/flying_push.js",
    [
      564374
    ]
  ],
  [
    "/ilabspush.min.js",
    [
      564375
    ]
  ],
  [
    "/inpl.webpush.js",
    [
      564376
    ]
  ],
  [
    "/jquery-notification.js",
    [
      564377
    ]
  ],
  [
    "/jsb/pushnotifications?",
    [
      564378
    ]
  ],
  [
    "/list_notificaciones.php",
    [
      564379
    ]
  ],
  [
    "/maximizly-push.js",
    [
      564380
    ]
  ],
  [
    "/modules/notifications.$domain=~forum.vivaldi.net",
    [
      564381
    ]
  ],
  [
    "/mp-web-notification.js",
    [
      564382
    ]
  ],
  [
    "/notification-prod-sw.js",
    [
      564383
    ]
  ],
  [
    "/notification-sw.js",
    [
      564384
    ]
  ],
  [
    "/notification/notify.js",
    [
      564385
    ]
  ],
  [
    "/notifyme.js",
    [
      564386
    ]
  ],
  [
    "/notifyme.min.js",
    [
      564387
    ]
  ],
  [
    "/one-signal.js",
    [
      564388
    ]
  ],
  [
    "/one-signal.min.js",
    [
      564389
    ]
  ],
  [
    "/onesignal.js",
    [
      564390
    ]
  ],
  [
    "/onesignal.min.",
    [
      564391
    ]
  ],
  [
    "/onesignal/manifest.",
    [
      564392
    ]
  ],
  [
    "/onesignalfix.js",
    [
      564393
    ]
  ],
  [
    "/OneSignalSDKUpdaterWorker.js",
    [
      564394
    ]
  ],
  [
    "/OneSignalSDKWorker.js",
    [
      564395
    ]
  ],
  [
    "/perfecty-push-sdk.min.js",
    [
      564396
    ]
  ],
  [
    "/plugins/tfnotifier-wp/swloader.php",
    [
      564397
    ]
  ],
  [
    "/push-notification.js",
    [
      564398
    ]
  ],
  [
    "/push-notification.min.js",
    [
      564399
    ]
  ],
  [
    "/push-notification/*$domain=~upwork.com",
    [
      564400
    ]
  ],
  [
    "/push-notifications.$~stylesheet",
    [
      564401
    ]
  ],
  [
    "/push-notifications/*",
    [
      564402
    ]
  ],
  [
    "/push-notifications?",
    [
      564403
    ]
  ],
  [
    "/push-sw.js",
    [
      564404
    ]
  ],
  [
    "/push-worker-$script",
    [
      564405
    ]
  ],
  [
    "/push-wrap.js",
    [
      564406
    ]
  ],
  [
    "/push/sbscr.js",
    [
      564407
    ]
  ],
  [
    "/push/sbscrp.js",
    [
      564408
    ]
  ],
  [
    "/push/subscribe.js",
    [
      564409
    ]
  ],
  [
    "/push_app.js",
    [
      564410
    ]
  ],
  [
    "/push_notification.js",
    [
      564411
    ]
  ],
  [
    "/push_notification.min.js",
    [
      564412
    ]
  ],
  [
    "/push_notification/*",
    [
      564413
    ]
  ],
  [
    "/push_notifications.js",
    [
      564414
    ]
  ],
  [
    "/push_subscription.js",
    [
      564415
    ]
  ],
  [
    "/pushes/firebase.js",
    [
      564416
    ]
  ],
  [
    "/pushes/notification.js",
    [
      564417
    ]
  ],
  [
    "/PushexSDK.js",
    [
      564418
    ]
  ],
  [
    "/pushly-sdk.min.js",
    [
      564419
    ]
  ],
  [
    "/pushNotification.js",
    [
      564420
    ]
  ],
  [
    "/pushNotifications.js",
    [
      564421
    ]
  ],
  [
    "/pushnotifications/*",
    [
      564422
    ]
  ],
  [
    "/pushNotificationSdkJS.js",
    [
      564423
    ]
  ],
  [
    "/pushpro-lib.js",
    [
      564424
    ]
  ],
  [
    "/pushsubscribe.js",
    [
      564425
    ]
  ],
  [
    "/pushup-notification/push-app.js",
    [
      564426
    ]
  ],
  [
    "/pushup-notification/push-messaging.js",
    [
      564427
    ]
  ],
  [
    "/pushv2.js",
    [
      564428
    ]
  ],
  [
    "/pushwoosh-service-worker.js",
    [
      564429
    ]
  ],
  [
    "/pushwoosh-web-notifications.js",
    [
      564430
    ]
  ],
  [
    "/pushwoosh-web-pushes-http-sdk.js",
    [
      564431
    ]
  ],
  [
    "/pushy-ver.js",
    [
      564432
    ]
  ],
  [
    "/scripts/onesignal.js",
    [
      564433
    ]
  ],
  [
    "/site-notification-desk.min.js",
    [
      564434
    ]
  ],
  [
    "/smio-push-notification/js/frontend_webpush.js",
    [
      564435
    ]
  ],
  [
    "/subscribe-push-notifications.js",
    [
      564436
    ]
  ],
  [
    "/web-push-notifications.js",
    [
      564437
    ]
  ],
  [
    "/web-push.js",
    [
      564438
    ]
  ],
  [
    "/web-push/init.min.js",
    [
      564439
    ]
  ],
  [
    "/webalert-notification.js",
    [
      564440
    ]
  ],
  [
    "/webnotf.js",
    [
      564441
    ]
  ],
  [
    "/webnotification.js",
    [
      564442
    ]
  ],
  [
    "/webpush-production.js",
    [
      564443
    ]
  ],
  [
    "/webpush.js",
    [
      564444
    ]
  ],
  [
    "/webpush.min.js",
    [
      564445
    ]
  ],
  [
    "/webpush_register.php",
    [
      564446
    ]
  ],
  [
    "/webPushNotifications.js",
    [
      564447
    ]
  ],
  [
    "/wonderpush-loader.min.js",
    [
      564448
    ]
  ],
  [
    "/wonderpush.js",
    [
      564449
    ]
  ],
  [
    "/wonderpush.min.js",
    [
      564450
    ]
  ],
  [
    "/wordpress-fire-push-public.js",
    [
      564451
    ]
  ],
  [
    "/wp-notification-bars-public.js",
    [
      564452
    ]
  ],
  [
    "/app-banner/*$xmlhttprequest",
    [
      564453
    ]
  ],
  [
    "/jquery.androidbanner.js",
    [
      564454
    ]
  ],
  [
    "/js-mobile-*/header_$script",
    [
      564455
    ]
  ],
  [
    "/js/jquery.smartbanner.js|",
    [
      564456
    ]
  ],
  [
    "/js/jquery.smartbanner.min.js|",
    [
      564457
    ]
  ],
  [
    "/mobile-welcome-overlay/*$script",
    [
      564458
    ]
  ],
  [
    "/smart-app-banner.js",
    [
      564459
    ]
  ],
  [
    "||api-push.com^$third-party",
    [
      564460
    ]
  ],
  [
    "||bildirnet.com^$third-party",
    [
      564461
    ]
  ],
  [
    "||braze.com^$third-party",
    [
      564462
    ]
  ],
  [
    "||cappushino.com^$third-party",
    [
      564463
    ]
  ],
  [
    "||cdn.qgr.ph^$third-party",
    [
      564464
    ]
  ],
  [
    "||cdn.qgraph.io^$third-party",
    [
      564465
    ]
  ],
  [
    "||centrnotify.com^$third-party",
    [
      564466
    ]
  ],
  [
    "||checke.biz^$third-party",
    [
      564467
    ]
  ],
  [
    "||confirmit.com^$third-party",
    [
      564468
    ]
  ],
  [
    "||conforama-push.com^$third-party",
    [
      564469
    ]
  ],
  [
    "||contentsitesrv.com/js/push/$third-party",
    [
      564470
    ]
  ],
  [
    "||css.xjsx.lol^$third-party",
    [
      564471
    ]
  ],
  [
    "||digipush.io^$third-party",
    [
      564472
    ]
  ],
  [
    "||dpns-notifications.com^$third-party",
    [
      564473
    ]
  ],
  [
    "||easyfeeed.com^$third-party",
    [
      564474
    ]
  ],
  [
    "||evolok.net^$third-party",
    [
      564475
    ]
  ],
  [
    "||farteniuson.com^$third-party",
    [
      564476
    ]
  ],
  [
    "||getnotification.me^$third-party",
    [
      564477
    ]
  ],
  [
    "||irpush.com^$third-party",
    [
      564478
    ]
  ],
  [
    "||jubi.ai/buttonbot/$script,third-party",
    [
      564479
    ]
  ],
  [
    "||krakenoptimize.com^$third-party",
    [
      564480
    ]
  ],
  [
    "||luravius.com^$third-party",
    [
      564481
    ]
  ],
  [
    "||medallia.com^*/onsite/embed.js",
    [
      564482
    ]
  ],
  [
    "||neopush.io^$third-party",
    [
      564483
    ]
  ],
  [
    "||news2day.me^$third-party",
    [
      564484
    ]
  ],
  [
    "||newsmemory.com/?meter",
    [
      564485
    ]
  ],
  [
    "||notification-time.com^$third-party",
    [
      564486
    ]
  ],
  [
    "||notification.tubecup.net^",
    [
      564487
    ]
  ],
  [
    "||notifications.ltd^$third-party",
    [
      564488
    ]
  ],
  [
    "||notifstation.com^$third-party",
    [
      564489
    ]
  ],
  [
    "||notix.io^$third-party",
    [
      564490
    ]
  ],
  [
    "||ntvsw.com^$third-party",
    [
      564491
    ]
  ],
  [
    "||partishion.com^$third-party",
    [
      564492
    ]
  ],
  [
    "||pathlime.com^$third-party",
    [
      564493
    ]
  ],
  [
    "||popmechanic.ru^$third-party",
    [
      564494
    ]
  ],
  [
    "||propush.net^$third-party",
    [
      564495
    ]
  ],
  [
    "||pt.appirits.com^$third-party",
    [
      564496
    ]
  ],
  [
    "||puscomosca.com^$third-party",
    [
      564497
    ]
  ],
  [
    "||push-centr.com^$third-party",
    [
      564498
    ]
  ],
  [
    "||push-centr.net^$third-party",
    [
      564499
    ]
  ],
  [
    "||push-engage.com^$third-party",
    [
      564500
    ]
  ],
  [
    "||push-notifications.top^$third-party",
    [
      564501
    ]
  ],
  [
    "||push-pro.net^$third-party",
    [
      564502
    ]
  ],
  [
    "||push.bytesignal.com^",
    [
      564503
    ]
  ],
  [
    "||push.daksham.in^$third-party",
    [
      564504
    ]
  ],
  [
    "||push.delivery.ethinking.de^",
    [
      564505
    ]
  ],
  [
    "||push.delivery^$third-party",
    [
      564506
    ]
  ],
  [
    "||push.esputnik.com^",
    [
      564507
    ]
  ],
  [
    "||push.getbeamer.com^",
    [
      564508
    ]
  ],
  [
    "||push.knd.ro^",
    [
      564509
    ]
  ],
  [
    "||push.newscraft.io^",
    [
      564510
    ]
  ],
  [
    "||push.reamaze.com^",
    [
      564511
    ]
  ],
  [
    "||push.rollout.io^$third-party",
    [
      564512
    ]
  ],
  [
    "||push.world^$third-party",
    [
      564513
    ]
  ],
  [
    "||pushaddict.com^$third-party",
    [
      564514
    ]
  ],
  [
    "||pushango.com^$third-party",
    [
      564515
    ]
  ],
  [
    "||pushassist.com^$third-party",
    [
      564516
    ]
  ],
  [
    "||pushaya.com^$third-party",
    [
      564517
    ]
  ],
  [
    "||pushbaza.com^$third-party",
    [
      564518
    ]
  ],
  [
    "||pushbots.com^$third-party",
    [
      564519
    ]
  ],
  [
    "||pushbox.info^$third-party",
    [
      564520
    ]
  ],
  [
    "||pushcentr.com^$third-party",
    [
      564521
    ]
  ],
  [
    "||pushchev.info^$third-party",
    [
      564522
    ]
  ],
  [
    "||pushcrew.com^$third-party",
    [
      564523
    ]
  ],
  [
    "||pushdealer.com^$third-party",
    [
      564524
    ]
  ],
  [
    "||pushe.co^$third-party",
    [
      564525
    ]
  ],
  [
    "||pusherapp.com^$third-party",
    [
      564526
    ]
  ],
  [
    "||pushinpage.com^$third-party",
    [
      564527
    ]
  ],
  [
    "||pushinstruments.com^$third-party",
    [
      564528
    ]
  ],
  [
    "||pushjunky.com^$third-party",
    [
      564529
    ]
  ],
  [
    "||pushkahouse.com^$third-party",
    [
      564530
    ]
  ],
  [
    "||pushkaplus.com^$third-party",
    [
      564531
    ]
  ],
  [
    "||pushly.com^$third-party",
    [
      564532
    ]
  ],
  [
    "||pushmaster-cdn.xyz^$third-party",
    [
      564533
    ]
  ],
  [
    "||pushmejs.com^$third-party",
    [
      564534
    ]
  ],
  [
    "||pushnews.eu^$third-party",
    [
      564535
    ]
  ],
  [
    "||pushnotifications.click^$third-party",
    [
      564536
    ]
  ],
  [
    "||pushouse.com^$third-party",
    [
      564537
    ]
  ],
  [
    "||pushowl.com^$third-party",
    [
      564538
    ]
  ],
  [
    "||pushpad.xyz^$third-party",
    [
      564539
    ]
  ],
  [
    "||pushpanda.io^$third-party",
    [
      564540
    ]
  ],
  [
    "||pushpro.io^$third-party",
    [
      564541
    ]
  ],
  [
    "||pushprofit.ru^$third-party",
    [
      564542
    ]
  ],
  [
    "||pushprospush.com^$third-party",
    [
      564543
    ]
  ],
  [
    "||pushpushgo.com^$third-party",
    [
      564544
    ]
  ],
  [
    "||pushstack.it^$third-party",
    [
      564545
    ]
  ],
  [
    "||pushtide.com^$third-party",
    [
      564546
    ]
  ],
  [
    "||pushvip.ru^$third-party",
    [
      564547
    ]
  ],
  [
    "||pushwhy.com^$third-party",
    [
      564548
    ]
  ],
  [
    "||pushy.ai^$third-party",
    [
      564549
    ]
  ],
  [
    "||quarepush.com^$third-party",
    [
      564550
    ]
  ],
  [
    "||quaruzon.com^$third-party",
    [
      564551
    ]
  ],
  [
    "||realpush.media^$third-party",
    [
      564552
    ]
  ],
  [
    "||realpush.network^$third-party",
    [
      564553
    ]
  ],
  [
    "||revpusher.com^$third-party",
    [
      564554
    ]
  ],
  [
    "||sckxppzdm.com^$third-party",
    [
      564555
    ]
  ],
  [
    "||signaly.co^$third-party",
    [
      564556
    ]
  ],
  [
    "||snrcdn.net^$third-party",
    [
      564557
    ]
  ],
  [
    "||spacepush.ru^$third-party",
    [
      564558
    ]
  ],
  [
    "||system-notify.app^$third-party",
    [
      564559
    ]
  ],
  [
    "||topswp.com^$third-party",
    [
      564560
    ]
  ],
  [
    "||unative.com^$third-party",
    [
      564561
    ]
  ],
  [
    "||viafoura.net/push_handlers.js",
    [
      564562
    ]
  ],
  [
    "||virtualpushplatform.com^$third-party",
    [
      564563
    ]
  ],
  [
    "||webpush.jp^$third-party",
    [
      564564
    ]
  ],
  [
    "||webpushr.com^$third-party",
    [
      564565
    ]
  ],
  [
    "||webpushs.com^$third-party",
    [
      564566
    ]
  ],
  [
    "||whitepush.biz^$third-party",
    [
      564567
    ]
  ],
  [
    "||worldpush.co^$third-party",
    [
      564568
    ]
  ],
  [
    "||wps.relateddigital.com^$third-party",
    [
      564569
    ]
  ],
  [
    "||wpush.biz^$third-party",
    [
      564570
    ]
  ],
  [
    "||wpushsdk.com^$third-party",
    [
      564571
    ]
  ],
  [
    "||xedo.me^$third-party",
    [
      564572
    ]
  ],
  [
    "||youlead.pl/webpushprompt.js",
    [
      564573
    ]
  ],
  [
    "||accengage.net^$third-party",
    [
      564574
    ]
  ],
  [
    "||actirinius.com^$third-party",
    [
      564575
    ]
  ],
  [
    "||aimtell.com^$third-party",
    [
      564576
    ]
  ],
  [
    "||alertme.news^$third-party",
    [
      564577
    ]
  ],
  [
    "||amazonaws.com/cdn.aimtell.com/",
    [
      564578
    ]
  ],
  [
    "||aswpsdkeu.com^$third-party",
    [
      564579
    ]
  ],
  [
    "||aswpsdkus.com^$third-party",
    [
      564580
    ]
  ],
  [
    "||bildirt.com^$third-party",
    [
      564581
    ]
  ],
  [
    "||bosspush.com^$third-party",
    [
      564582
    ]
  ],
  [
    "||browserpusher.com^$third-party",
    [
      564583
    ]
  ],
  [
    "||cdn-sitegainer.com^$third-party",
    [
      564584
    ]
  ],
  [
    "||cleverpush.com^$third-party",
    [
      564585
    ]
  ],
  [
    "||copush.com^$third-party",
    [
      564586
    ]
  ],
  [
    "||cracataum.com^$third-party",
    [
      564587
    ]
  ],
  [
    "||danorenius.com^$third-party",
    [
      564588
    ]
  ],
  [
    "||digitalpush.org^$third-party",
    [
      564589
    ]
  ],
  [
    "||edrone.me^$third-party",
    [
      564590
    ]
  ],
  [
    "||face-push.com^$third-party",
    [
      564591
    ]
  ],
  [
    "||feedify.net^$third-party",
    [
      564592
    ]
  ],
  [
    "||feraciumus.com^$third-party",
    [
      564593
    ]
  ],
  [
    "||fernomius.com^$third-party",
    [
      564594
    ]
  ],
  [
    "||fkondate.com^$third-party",
    [
      564595
    ]
  ],
  [
    "||foxpush.com^$third-party",
    [
      564596
    ]
  ],
  [
    "||foxpush.net^$third-party",
    [
      564597
    ]
  ],
  [
    "||getback.ch^$third-party",
    [
      564598
    ]
  ],
  [
    "||getpush.net^$third-party",
    [
      564599
    ]
  ],
  [
    "||getpushmonkey.com^$third-party",
    [
      564600
    ]
  ],
  [
    "||gravitec.net^$third-party",
    [
      564601
    ]
  ],
  [
    "||heroesdom.com^$third-party",
    [
      564602
    ]
  ],
  [
    "||jeeng.com^$third-party",
    [
      564603
    ]
  ],
  [
    "||kattepush.com^$third-party",
    [
      564604
    ]
  ],
  [
    "||master-push.com^$third-party",
    [
      564605
    ]
  ],
  [
    "||master-push.net^$third-party",
    [
      564606
    ]
  ],
  [
    "||misrepush.com^$third-party",
    [
      564607
    ]
  ],
  [
    "||moengage.com^$third-party",
    [
      564608
    ]
  ],
  [
    "||mp3vizor.com^$third-party",
    [
      564609
    ]
  ],
  [
    "||najva.com^$third-party",
    [
      564610
    ]
  ],
  [
    "||nativesubscribe.pro^$third-party",
    [
      564611
    ]
  ],
  [
    "||notifadz.com^$third-party",
    [
      564612
    ]
  ],
  [
    "||notifpush.com^$third-party",
    [
      564613
    ]
  ],
  [
    "||notify.solutions^$third-party",
    [
      564614
    ]
  ],
  [
    "||olgtex.com^$third-party",
    [
      564615
    ]
  ],
  [
    "||on-push.com^$third-party",
    [
      564616
    ]
  ],
  [
    "||onepush.app^$third-party",
    [
      564617
    ]
  ],
  [
    "||provesrc.com^$third-party",
    [
      564618
    ]
  ],
  [
    "||psh.one^$third-party",
    [
      564619
    ]
  ],
  [
    "||push-ad.com^$third-party",
    [
      564620
    ]
  ],
  [
    "||push-free.com^$third-party",
    [
      564621
    ]
  ],
  [
    "||push-house.net^$third-party",
    [
      564622
    ]
  ],
  [
    "||pushalert.co^$third-party",
    [
      564623
    ]
  ],
  [
    "||pushbird.com^$third-party",
    [
      564624
    ]
  ],
  [
    "||pushbullet.com^$third-party",
    [
      564625
    ]
  ],
  [
    "||pushengage.com^$third-party",
    [
      564626
    ]
  ],
  [
    "||pushex.io^$third-party",
    [
      564627
    ]
  ],
  [
    "||pushible.com^$third-party",
    [
      564628
    ]
  ],
  [
    "||pushify.com^$third-party",
    [
      564629
    ]
  ],
  [
    "||pushwoosh.com^$third-party",
    [
      564630
    ]
  ],
  [
    "||reprocautious.com^$third-party",
    [
      564631
    ]
  ],
  [
    "||sendpulse.com^$third-party",
    [
      564632
    ]
  ],
  [
    "||setrowid.com^$third-party",
    [
      564633
    ]
  ],
  [
    "||shroughtened.com^$third-party",
    [
      564634
    ]
  ],
  [
    "||sm-epsilon.com^$third-party",
    [
      564635
    ]
  ],
  [
    "||snd.tc^$third-party",
    [
      564636
    ]
  ],
  [
    "||subscribers.com^$third-party",
    [
      564637
    ]
  ],
  [
    "||truenat.bid^$third-party",
    [
      564638
    ]
  ],
  [
    "||truepush.com^$third-party",
    [
      564639
    ]
  ],
  [
    "||urbanairship.com^$third-party",
    [
      564640
    ]
  ],
  [
    "||viapush.com^$third-party",
    [
      564641
    ]
  ],
  [
    "||webpu.sh^$third-party",
    [
      564642
    ]
  ],
  [
    "||whiteclick.biz^$third-party",
    [
      564643
    ]
  ],
  [
    "||wnpbdan.bid^$third-party",
    [
      564644
    ]
  ],
  [
    "||wonderpush.com^$third-party",
    [
      564645
    ]
  ],
  [
    "||wwclicknews.club^$third-party",
    [
      564646
    ]
  ],
  [
    "||wwclicktm.club^$third-party",
    [
      564647
    ]
  ],
  [
    "||xtremepush.com^$third-party",
    [
      564648
    ]
  ],
  [
    "||app.adjust.net.in/smart_banner",
    [
      564649
    ]
  ],
  [
    "||mobi24.net^$third-party",
    [
      564650
    ]
  ],
  [
    "/firebase-messaging.js$script,domain=tribunnews.com",
    [
      564651
    ]
  ],
  [
    "||9to5terminal.com/push.js",
    [
      564652
    ]
  ],
  [
    "||abendpoint.com/dist/js/push.js",
    [
      564653
    ]
  ],
  [
    "||alerts.ndtv.com^",
    [
      564654
    ]
  ],
  [
    "||alerts.thedailystar.net^",
    [
      564655
    ]
  ],
  [
    "||alibaba.com/sw.js",
    [
      564656
    ]
  ],
  [
    "||annahar.com/assets/js/notifications.js",
    [
      564657
    ]
  ],
  [
    "||astian.org/?push_notification_sw",
    [
      564658
    ]
  ],
  [
    "||bdstatic.com/linksubmit/push.js",
    [
      564659
    ]
  ],
  [
    "||bigbangnews.com/sw.js",
    [
      564660
    ]
  ],
  [
    "||dailymail.co.uk/api/web-push-notification/",
    [
      564661
    ]
  ],
  [
    "||gadgetsnow.com/sw.cms",
    [
      564662
    ]
  ],
  [
    "||gstatic.com/firebasejs/$domain=joins.com",
    [
      564663
    ]
  ],
  [
    "||hindustantimes.com/messaging-sw.js",
    [
      564664
    ]
  ],
  [
    "||hindustantimes.com/sw.js",
    [
      564665
    ]
  ],
  [
    "||hindustantimes.com^*/ht-notification-",
    [
      564666
    ]
  ],
  [
    "||hulkprod.anm.co.uk/api/web-push-notification/",
    [
      564667
    ]
  ],
  [
    "||imyfone.com/*/notification/$script",
    [
      564668
    ]
  ],
  [
    "||indiatimes.com/pn/",
    [
      564669
    ]
  ],
  [
    "||iol.co.za/sw.js",
    [
      564670
    ]
  ],
  [
    "||kogan.com/sw.js",
    [
      564671
    ]
  ],
  [
    "||latestdeals.co.uk/sw.js",
    [
      564672
    ]
  ],
  [
    "||msn.com/bundles/v1/homePage/latest/experiences_conditional-banner",
    [
      564673
    ]
  ],
  [
    "||ndtv.com/js/breaking_pushalert_revised.js",
    [
      564674
    ]
  ],
  [
    "||ndtv.com/sw.js",
    [
      564675
    ]
  ],
  [
    "||newsukraine.rbc.ua/sworker.js",
    [
      564676
    ]
  ],
  [
    "||nookazon.com/firebase-messaging-sw.js",
    [
      564677
    ]
  ],
  [
    "||notify.hindustantimes.com^",
    [
      564678
    ]
  ],
  [
    "||push.cnnindonesia.com^",
    [
      564679
    ]
  ],
  [
    "||push.ictsd.org^",
    [
      564680
    ]
  ],
  [
    "||renaultsport.com/spip.php?page=sw.js",
    [
      564681
    ]
  ],
  [
    "||rottentomatoes.com/service-worker/sw.js",
    [
      564682
    ]
  ],
  [
    "||rt.com/homescreen-sw.js",
    [
      564683
    ]
  ],
  [
    "||sammobile.com/wp-content/plugins/sam-push-notifications/",
    [
      564684
    ]
  ],
  [
    "||scmp.com/sw.js",
    [
      564685
    ]
  ],
  [
    "||seattletimes.com/wp-content/plugins/st-user-messaging/$script",
    [
      564686
    ]
  ],
  [
    "||sportskeeda.com/js/production/web-notifications/",
    [
      564687
    ]
  ],
  [
    "||techwalla.com/push-service-worker.js",
    [
      564688
    ]
  ],
  [
    "||telegraphindia.com/akam-sw.js",
    [
      564689
    ]
  ],
  [
    "||timesnownews.com/sw.js",
    [
      564690
    ]
  ],
  [
    "||ultimedia.com/js/common/notification.js",
    [
      564691
    ]
  ],
  [
    "||weather.com/*.MedalliaSurvey.",
    [
      564692
    ]
  ],
  [
    "||0564.ua/assets/d6ade384/js/alertsWidget.js",
    [
      564693
    ]
  ],
  [
    "||ad-hoc-news.de/js/push.js",
    [
      564694
    ]
  ],
  [
    "||agazeta.com.br/assets/javascript/notification.js",
    [
      564695
    ]
  ],
  [
    "||cnnindonesia.com/sw.js",
    [
      564696
    ]
  ],
  [
    "||dcnews.ro/sm-",
    [
      564697
    ]
  ],
  [
    "||elpais.com.uy/utms.js",
    [
      564698
    ]
  ],
  [
    "||flashscore.fr^*/build/notifications.",
    [
      564699
    ]
  ],
  [
    "||futura-sciences.com/clientscript/push.js",
    [
      564700
    ]
  ],
  [
    "||horoscope.fr/notifications/",
    [
      564701
    ]
  ],
  [
    "||metrobilbao.eus/firebase-messaging-sw.js",
    [
      564702
    ]
  ],
  [
    "||push.idowa.de^",
    [
      564703
    ]
  ],
  [
    "||push.neko-san.fr^",
    [
      564704
    ]
  ],
  [
    "||pushme.magellanotech.it^",
    [
      564705
    ]
  ],
  [
    "||tio.ch/js/api.push.js",
    [
      564706
    ]
  ],
  [
    "||tutto.tv/wp-content/plugins/plugin-notifiche-",
    [
      564707
    ]
  ],
  [
    "||uchubiz.com/wp-content/themes/uchubiz/assets/js/push.js",
    [
      564708
    ]
  ],
  [
    "||static.chrono24.com/lib/generated/js/app-hint-layer.",
    [
      564709
    ]
  ],
  [
    "||tapcart.com/mobile-download-banner/banner-min.js",
    [
      564710
    ]
  ],
  [
    "@@||bostonherald.com^*/webpush.js$script,~third-party",
    [
      564711
    ]
  ],
  [
    "@@||braze.com/api/$domain=deezer.com",
    [
      564712
    ]
  ],
  [
    "@@||forums.opera.com/assets/src/modules/notifications.js$~third-party",
    [
      564713
    ]
  ],
  [
    "@@||inevent.com/js/wizard/pushNotification.js$script,~third-party",
    [
      564714
    ]
  ],
  [
    "@@||learner.mycreds.ca/assets/js/modules/notifications.min.js$~third-party",
    [
      564715
    ]
  ],
  [
    "@@||ledevoir.com/js/web-push.js$script,~third-party",
    [
      564716
    ]
  ],
  [
    "@@||oakley.com^*/notifications.js$~third-party",
    [
      564717
    ]
  ],
  [
    "@@||paste.crdroid.net/assets/js/modules/notifications.js$script,~third-party",
    [
      564718
    ]
  ],
  [
    "@@||snrcdn.net/sdk/3.0/synerise-javascript-sdk.min.js$domain=komputronik.pl",
    [
      564719
    ]
  ],
  [
    "@@||st.mycdn.me/static/*/WebPush.js$script,domain=ok.ru",
    [
      564720
    ]
  ],
  [
    "@@||webpush.jp/js/browserpushv3.js$domain=zakzak.co.jp",
    [
      564721
    ]
  ],
  [
    "@@||anadolu.edu.tr/assets/js/jquery.smartbanner.js$~third-party",
    [
      564722
    ]
  ],
  [
    "@@||assure.ameli.fr^*/smart-app-banner.js$~third-party",
    [
      564723
    ]
  ],
  [
    "@@||mafia.ua/js/jquery.smartbanner.js$script,~third-party",
    [
      564724
    ]
  ],
  [
    "@@||mirage.ru/js/jquery.smartbanner.js$script,~third-party",
    [
      564725
    ]
  ]
]